version https://git-lfs.github.com/spec/v1
oid sha256:516dfb3d18f04a99e7d3ab82036a6835764fdc015bb65c5f3f42a25dbc29eba9
size 1068
