version https://git-lfs.github.com/spec/v1
oid sha256:ef32c68b4c082476fc7b857dcd3d11b4d8892a24ea60687a2c75679704fd3534
size 5989
