version https://git-lfs.github.com/spec/v1
oid sha256:f166a5eb324328eddc94b8f1ed007c5869d8ec6284b02e4401935a2e2f137a18
size 1504
