version https://git-lfs.github.com/spec/v1
oid sha256:9fe8d438e67a9c45cc7608a5152b910e4684839e4645211d8b1255b6891e1c21
size 17478
