version https://git-lfs.github.com/spec/v1
oid sha256:94ce3be406624a18d33b433d7bb2f9f91b3ba986aac0b48738ecb47be11024de
size 7249
