version https://git-lfs.github.com/spec/v1
oid sha256:a9a64889b3a13fe8b058638753075fa499e0a18fbf7890746281445c34620250
size 142471
