version https://git-lfs.github.com/spec/v1
oid sha256:8b79511450648b1665179fb47baef734c9f3886117101a909c2cfdbbdd0b52c2
size 2035
