version https://git-lfs.github.com/spec/v1
oid sha256:54b0d103c12df372938821c632002962f2af85760f784531e8201acc5a7b4c1f
size 933
