version https://git-lfs.github.com/spec/v1
oid sha256:fe618e52d82eea9f9b3486548f8d61ba3cc963af334f4d611ee387ed89535b15
size 10365
